// Jest Snapshot v1, https://goo.gl/fbAQLP

exports[`AlgebraPool gas tests [ @skip-on-coverage ] Filled VolatilityOracle swaps dynamic fee large swap crossing several initialized ticks 1`] = `231504`;

exports[`AlgebraPool gas tests [ @skip-on-coverage ] Filled VolatilityOracle swaps dynamic fee small swap with filled volatilityOracle 1`] = `180964`;

exports[`AlgebraPool gas tests [ @skip-on-coverage ] Filled VolatilityOracle swaps dynamic fee small swap with filled volatilityOracle after 4h 1`] = `186933`;

exports[`AlgebraPool gas tests [ @skip-on-coverage ] Filled VolatilityOracle swaps dynamic fee small swap with filled volatilityOracle after 8h 1`] = `191891`;

exports[`AlgebraPool gas tests [ @skip-on-coverage ] Filled VolatilityOracle swaps static fee large swap crossing several initialized ticks 1`] = `228629`;

exports[`AlgebraPool gas tests [ @skip-on-coverage ] Filled VolatilityOracle swaps static fee small swap with filled volatilityOracle 1`] = `178131`;

exports[`AlgebraPool gas tests [ @skip-on-coverage ] Filled VolatilityOracle swaps static fee small swap with filled volatilityOracle after 4h 1`] = `184100`;

exports[`AlgebraPool gas tests [ @skip-on-coverage ] Filled VolatilityOracle swaps static fee small swap with filled volatilityOracle after 8h 1`] = `189058`;

exports[`AlgebraPool gas tests [ @skip-on-coverage ] Positions #burn above current price burn when only position using ticks 1`] = `156476`;

exports[`AlgebraPool gas tests [ @skip-on-coverage ] Positions #burn above current price entire position burn but other positions are using the ticks 1`] = `157357`;

exports[`AlgebraPool gas tests [ @skip-on-coverage ] Positions #burn above current price partial position burn 1`] = `162157`;

exports[`AlgebraPool gas tests [ @skip-on-coverage ] Positions #burn around current price burn when only position using ticks 1`] = `164185`;

exports[`AlgebraPool gas tests [ @skip-on-coverage ] Positions #burn around current price entire position burn but other positions are using the ticks 1`] = `161771`;

exports[`AlgebraPool gas tests [ @skip-on-coverage ] Positions #burn around current price partial position burn 1`] = `166571`;

exports[`AlgebraPool gas tests [ @skip-on-coverage ] Positions #burn below current price burn when only position using ticks 1`] = `163724`;

exports[`AlgebraPool gas tests [ @skip-on-coverage ] Positions #burn below current price entire position burn but other positions are using the ticks 1`] = `158001`;

exports[`AlgebraPool gas tests [ @skip-on-coverage ] Positions #burn below current price partial position burn 1`] = `162801`;

exports[`AlgebraPool gas tests [ @skip-on-coverage ] Positions #collect close to worst case 1`] = `52532`;

exports[`AlgebraPool gas tests [ @skip-on-coverage ] Positions #collect close to worst case, two tokens 1`] = `70251`;

exports[`AlgebraPool gas tests [ @skip-on-coverage ] Positions #mint above current price add to position existing 1`] = `174935`;

exports[`AlgebraPool gas tests [ @skip-on-coverage ] Positions #mint above current price new position mint first in range 1`] = `328825`;

exports[`AlgebraPool gas tests [ @skip-on-coverage ] Positions #mint above current price second position in same range 1`] = `192035`;

exports[`AlgebraPool gas tests [ @skip-on-coverage ] Positions #mint around current price add to position existing 1`] = `200012`;

exports[`AlgebraPool gas tests [ @skip-on-coverage ] Positions #mint around current price new position mint first in range 1`] = `406935`;

exports[`AlgebraPool gas tests [ @skip-on-coverage ] Positions #mint around current price second position in same range 1`] = `217112`;

exports[`AlgebraPool gas tests [ @skip-on-coverage ] Positions #mint below current price add to position existing 1`] = `175534`;

exports[`AlgebraPool gas tests [ @skip-on-coverage ] Positions #mint below current price new position mint first in range 1`] = `403189`;

exports[`AlgebraPool gas tests [ @skip-on-coverage ] Positions #mint below current price second position in same range 1`] = `192634`;

exports[`AlgebraPool gas tests [ @skip-on-coverage ] Positions #poke best case 1`] = `110196`;

exports[`AlgebraPool gas tests [ @skip-on-coverage ] fee is off #swap #swapExact0For1 first swap in block moves tick, no initialized crossings 1`] = `151256`;

exports[`AlgebraPool gas tests [ @skip-on-coverage ] fee is off #swap #swapExact0For1 first swap in block with no tick movement 1`] = `151225`;

exports[`AlgebraPool gas tests [ @skip-on-coverage ] fee is off #swap #swapExact0For1 first swap in block with no tick movement, static fee 1`] = `151931`;

exports[`AlgebraPool gas tests [ @skip-on-coverage ] fee is off #swap #swapExact0For1 first swap in block, large swap crossing a single initialized tick 1`] = `167884`;

exports[`AlgebraPool gas tests [ @skip-on-coverage ] fee is off #swap #swapExact0For1 first swap in block, large swap crossing several initialized ticks 1`] = `201611`;

exports[`AlgebraPool gas tests [ @skip-on-coverage ] fee is off #swap #swapExact0For1 first swap in block, large swap, no initialized crossings 1`] = `151323`;

exports[`AlgebraPool gas tests [ @skip-on-coverage ] fee is off #swap #swapExact0For1 large swap crossing several initialized ticks after some time passes 1`] = `201611`;

exports[`AlgebraPool gas tests [ @skip-on-coverage ] fee is off #swap #swapExact0For1 large swap crossing several initialized ticks second time after some time passes 1`] = `220811`;

exports[`AlgebraPool gas tests [ @skip-on-coverage ] fee is off #swap #swapExact0For1 second swap in block moves tick, no initialized crossings 1`] = `113395`;

exports[`AlgebraPool gas tests [ @skip-on-coverage ] fee is off #swap #swapExact0For1 second swap in block with no tick movement 1`] = `113359`;

exports[`AlgebraPool gas tests [ @skip-on-coverage ] fee is off #swap #swapExact0For1 second swap in block, large swap crossing a single initialized tick 1`] = `129208`;

exports[`AlgebraPool gas tests [ @skip-on-coverage ] fee is off #swap #swapExact0For1 second swap in block, large swap crossing several initialized ticks 1`] = `163756`;

exports[`AlgebraPool gas tests [ @skip-on-coverage ] fee is off #swap #swapExact0For1 several large swaps with pauses 1`] = `230127`;

exports[`AlgebraPool gas tests [ @skip-on-coverage ] fee is off #swap #swapExact0For1 small swap after several large swaps with pauses 1`] = `160410`;

exports[`AlgebraPool gas tests [ @skip-on-coverage ] fee is off #swap #swapExact1For0 first swap in block moves tick, no initialized crossings 1`] = `151347`;

exports[`AlgebraPool gas tests [ @skip-on-coverage ] fee is off #swap #swapExact1For0 first swap in block with no tick movement 1`] = `151295`;

exports[`AlgebraPool gas tests [ @skip-on-coverage ] fee is off #swap #swapExact1For0 second swap in block with no tick movement 1`] = `113450`;

exports[`AlgebraPool gas tests [ @skip-on-coverage ] fee is off #swap farming connected first swap in block moves tick, no initialized crossings 1`] = `180565`;

exports[`AlgebraPool gas tests [ @skip-on-coverage ] fee is off #swap farming connected first swap in block with no tick movement 1`] = `180513`;

exports[`AlgebraPool gas tests [ @skip-on-coverage ] fee is off #swap farming connected second swap in block with no tick movement 1`] = `125568`;

exports[`AlgebraPool gas tests [ @skip-on-coverage ] fee is on #swap #swapExact0For1 first swap in block moves tick, no initialized crossings 1`] = `159154`;

exports[`AlgebraPool gas tests [ @skip-on-coverage ] fee is on #swap #swapExact0For1 first swap in block with no tick movement 1`] = `159123`;

exports[`AlgebraPool gas tests [ @skip-on-coverage ] fee is on #swap #swapExact0For1 first swap in block with no tick movement, static fee 1`] = `152168`;

exports[`AlgebraPool gas tests [ @skip-on-coverage ] fee is on #swap #swapExact0For1 first swap in block, large swap crossing a single initialized tick 1`] = `176019`;

exports[`AlgebraPool gas tests [ @skip-on-coverage ] fee is on #swap #swapExact0For1 first swap in block, large swap crossing several initialized ticks 1`] = `210457`;

exports[`AlgebraPool gas tests [ @skip-on-coverage ] fee is on #swap #swapExact0For1 first swap in block, large swap, no initialized crossings 1`] = `159221`;

exports[`AlgebraPool gas tests [ @skip-on-coverage ] fee is on #swap #swapExact0For1 large swap crossing several initialized ticks after some time passes 1`] = `210457`;

exports[`AlgebraPool gas tests [ @skip-on-coverage ] fee is on #swap #swapExact0For1 large swap crossing several initialized ticks second time after some time passes 1`] = `229657`;

exports[`AlgebraPool gas tests [ @skip-on-coverage ] fee is on #swap #swapExact0For1 second swap in block moves tick, no initialized crossings 1`] = `121293`;

exports[`AlgebraPool gas tests [ @skip-on-coverage ] fee is on #swap #swapExact0For1 second swap in block with no tick movement 1`] = `121257`;

exports[`AlgebraPool gas tests [ @skip-on-coverage ] fee is on #swap #swapExact0For1 second swap in block, large swap crossing a single initialized tick 1`] = `137343`;

exports[`AlgebraPool gas tests [ @skip-on-coverage ] fee is on #swap #swapExact0For1 second swap in block, large swap crossing several initialized ticks 1`] = `172602`;

exports[`AlgebraPool gas tests [ @skip-on-coverage ] fee is on #swap #swapExact0For1 several large swaps with pauses 1`] = `238973`;

exports[`AlgebraPool gas tests [ @skip-on-coverage ] fee is on #swap #swapExact0For1 small swap after several large swaps with pauses 1`] = `160647`;

exports[`AlgebraPool gas tests [ @skip-on-coverage ] fee is on #swap #swapExact1For0 first swap in block moves tick, no initialized crossings 1`] = `159245`;

exports[`AlgebraPool gas tests [ @skip-on-coverage ] fee is on #swap #swapExact1For0 first swap in block with no tick movement 1`] = `159193`;

exports[`AlgebraPool gas tests [ @skip-on-coverage ] fee is on #swap #swapExact1For0 second swap in block with no tick movement 1`] = `121348`;

exports[`AlgebraPool gas tests [ @skip-on-coverage ] fee is on #swap farming connected first swap in block moves tick, no initialized crossings 1`] = `188463`;

exports[`AlgebraPool gas tests [ @skip-on-coverage ] fee is on #swap farming connected first swap in block with no tick movement 1`] = `188411`;

exports[`AlgebraPool gas tests [ @skip-on-coverage ] fee is on #swap farming connected second swap in block with no tick movement 1`] = `133466`;
