// Jest Snapshot v1, https://goo.gl/fbAQLP

exports[`AlgebraPool arbitrage tests community fee = 0; passive liquidity of 0.010000 exact input of 10e18 token0 with starting price of 1.0 and true price of 0.98 backrun to true price after swap only 1`] = `
Object {
  "arbBalanceDelta0": "9.9989",
  "arbBalanceDelta1": "-0.0098756",
  "backrun": Object {
    "delta0": "-9.9989",
    "delta1": "0.0098756",
    "executionPrice": "0.00098767",
  },
  "finalPrice": "0.97706",
  "profit": Object {
    "final": "9.7890",
  },
}
`;

exports[`AlgebraPool arbitrage tests community fee = 0; passive liquidity of 0.010000 exact input of 10e18 token0 with starting price of 1.0 and true price of 0.98 not sandwiched 1`] = `
Object {
  "amount0Delta": "10.000",
  "amount1Delta": "-0.0099900",
  "executionPrice": "0.00099900",
  "priceAfter": "0.00000099820",
}
`;

exports[`AlgebraPool arbitrage tests community fee = 0; passive liquidity of 0.010000 exact input of 10e18 token0 with starting price of 1.0 and true price of 1.01 backrun to true price after swap only 1`] = `
Object {
  "arbBalanceDelta0": "9.9990",
  "arbBalanceDelta1": "-0.010026",
  "backrun": Object {
    "delta0": "-9.9990",
    "delta1": "0.010026",
    "executionPrice": "0.0010027",
  },
  "finalPrice": "1.0070",
  "profit": Object {
    "final": "10.089",
  },
}
`;

exports[`AlgebraPool arbitrage tests community fee = 0; passive liquidity of 0.010000 exact input of 10e18 token0 with starting price of 1.0 and true price of 1.01 not sandwiched 1`] = `
Object {
  "amount0Delta": "10.000",
  "amount1Delta": "-0.0099900",
  "executionPrice": "0.00099900",
  "priceAfter": "0.00000099820",
}
`;

exports[`AlgebraPool arbitrage tests community fee = 0; passive liquidity of 1.0000 exact input of 10e18 token0 with starting price of 1.0 and true price of 0.98 backrun to true price after swap only 1`] = `
Object {
  "arbBalanceDelta0": "9.9873",
  "arbBalanceDelta1": "-0.89764",
  "backrun": Object {
    "delta0": "-9.9873",
    "delta1": "0.89764",
    "executionPrice": "0.089877",
  },
  "finalPrice": "0.97706",
  "profit": Object {
    "final": "8.8899",
  },
}
`;

exports[`AlgebraPool arbitrage tests community fee = 0; passive liquidity of 1.0000 exact input of 10e18 token0 with starting price of 1.0 and true price of 0.98 not sandwiched 1`] = `
Object {
  "amount0Delta": "10.000",
  "amount1Delta": "-0.90908",
  "executionPrice": "0.090908",
  "priceAfter": "0.0082660",
}
`;

exports[`AlgebraPool arbitrage tests community fee = 0; passive liquidity of 1.0000 exact input of 10e18 token0 with starting price of 1.0 and true price of 1.01 backrun to true price after swap only 1`] = `
Object {
  "arbBalanceDelta0": "10.002",
  "arbBalanceDelta1": "-0.91265",
  "backrun": Object {
    "delta0": "-10.002",
    "delta1": "0.91265",
    "executionPrice": "0.091243",
  },
  "finalPrice": "1.0070",
  "profit": Object {
    "final": "9.1898",
  },
}
`;

exports[`AlgebraPool arbitrage tests community fee = 0; passive liquidity of 1.0000 exact input of 10e18 token0 with starting price of 1.0 and true price of 1.01 not sandwiched 1`] = `
Object {
  "amount0Delta": "10.000",
  "amount1Delta": "-0.90908",
  "executionPrice": "0.090908",
  "priceAfter": "0.0082660",
}
`;

exports[`AlgebraPool arbitrage tests community fee = 0; passive liquidity of 10.000 exact input of 10e18 token0 with starting price of 1.0 and true price of 0.98 backrun to true price after swap only 1`] = `
Object {
  "arbBalanceDelta0": "9.8823",
  "arbBalanceDelta1": "-4.8849",
  "backrun": Object {
    "delta0": "-9.8823",
    "delta1": "4.8849",
    "executionPrice": "0.49431",
  },
  "finalPrice": "0.97706",
  "profit": Object {
    "final": "4.7998",
  },
}
`;

exports[`AlgebraPool arbitrage tests community fee = 0; passive liquidity of 10.000 exact input of 10e18 token0 with starting price of 1.0 and true price of 0.98 not sandwiched 1`] = `
Object {
  "amount0Delta": "10.000",
  "amount1Delta": "-4.9997",
  "executionPrice": "0.49997",
  "priceAfter": "0.25003",
}
`;

exports[`AlgebraPool arbitrage tests community fee = 0; passive liquidity of 10.000 exact input of 10e18 token0 with starting price of 1.0 and true price of 1.01 backrun to true price after swap only 1`] = `
Object {
  "arbBalanceDelta0": "10.034",
  "arbBalanceDelta1": "-5.0350",
  "backrun": Object {
    "delta0": "-10.034",
    "delta1": "5.0350",
    "executionPrice": "0.50181",
  },
  "finalPrice": "1.0070",
  "profit": Object {
    "final": "5.0990",
  },
}
`;

exports[`AlgebraPool arbitrage tests community fee = 0; passive liquidity of 10.000 exact input of 10e18 token0 with starting price of 1.0 and true price of 1.01 not sandwiched 1`] = `
Object {
  "amount0Delta": "10.000",
  "amount1Delta": "-4.9997",
  "executionPrice": "0.49997",
  "priceAfter": "0.25003",
}
`;

exports[`AlgebraPool arbitrage tests community fee = 0; passive liquidity of 100.00 exact input of 10e18 token0 with starting price of 1.0 and true price of 0.98 backrun to true price after swap only 1`] = `
Object {
  "arbBalanceDelta0": "8.8319",
  "arbBalanceDelta1": "-7.9372",
  "backrun": Object {
    "delta0": "-8.8319",
    "delta1": "7.9372",
    "executionPrice": "0.89870",
  },
  "finalPrice": "0.97706",
  "profit": Object {
    "final": "0.71802",
  },
}
`;

exports[`AlgebraPool arbitrage tests community fee = 0; passive liquidity of 100.00 exact input of 10e18 token0 with starting price of 1.0 and true price of 0.98 not sandwiched 1`] = `
Object {
  "amount0Delta": "10.000",
  "amount1Delta": "-9.0901",
  "executionPrice": "0.90901",
  "priceAfter": "0.82646",
}
`;

exports[`AlgebraPool arbitrage tests community fee = 0; passive liquidity of 100.00 exact input of 10e18 token0 with starting price of 1.0 and true price of 1.01 backrun to true price after swap only 1`] = `
Object {
  "arbBalanceDelta0": "10.346",
  "arbBalanceDelta1": "-9.4389",
  "backrun": Object {
    "delta0": "-10.346",
    "delta1": "9.4389",
    "executionPrice": "0.91235",
  },
  "finalPrice": "1.0070",
  "profit": Object {
    "final": "1.0102",
  },
}
`;

exports[`AlgebraPool arbitrage tests community fee = 0; passive liquidity of 100.00 exact input of 10e18 token0 with starting price of 1.0 and true price of 1.01 not sandwiched 1`] = `
Object {
  "amount0Delta": "10.000",
  "amount1Delta": "-9.0901",
  "executionPrice": "0.90901",
  "priceAfter": "0.82646",
}
`;

exports[`AlgebraPool arbitrage tests community fee = 170; passive liquidity of 0.010000 exact input of 10e18 token0 with starting price of 1.0 and true price of 0.98 backrun to true price after swap only 1`] = `
Object {
  "arbBalanceDelta0": "9.9989",
  "arbBalanceDelta1": "-0.0098756",
  "backrun": Object {
    "delta0": "-9.9989",
    "delta1": "0.0098756",
    "executionPrice": "0.00098767",
  },
  "finalPrice": "0.97706",
  "profit": Object {
    "final": "9.7890",
  },
}
`;

exports[`AlgebraPool arbitrage tests community fee = 170; passive liquidity of 0.010000 exact input of 10e18 token0 with starting price of 1.0 and true price of 0.98 not sandwiched 1`] = `
Object {
  "amount0Delta": "10.000",
  "amount1Delta": "-0.0099900",
  "executionPrice": "0.00099900",
  "priceAfter": "0.00000099820",
}
`;

exports[`AlgebraPool arbitrage tests community fee = 170; passive liquidity of 0.010000 exact input of 10e18 token0 with starting price of 1.0 and true price of 1.01 backrun to true price after swap only 1`] = `
Object {
  "arbBalanceDelta0": "9.9990",
  "arbBalanceDelta1": "-0.010026",
  "backrun": Object {
    "delta0": "-9.9990",
    "delta1": "0.010026",
    "executionPrice": "0.0010027",
  },
  "finalPrice": "1.0070",
  "profit": Object {
    "final": "10.089",
  },
}
`;

exports[`AlgebraPool arbitrage tests community fee = 170; passive liquidity of 0.010000 exact input of 10e18 token0 with starting price of 1.0 and true price of 1.01 not sandwiched 1`] = `
Object {
  "amount0Delta": "10.000",
  "amount1Delta": "-0.0099900",
  "executionPrice": "0.00099900",
  "priceAfter": "0.00000099820",
}
`;

exports[`AlgebraPool arbitrage tests community fee = 170; passive liquidity of 1.0000 exact input of 10e18 token0 with starting price of 1.0 and true price of 0.98 backrun to true price after swap only 1`] = `
Object {
  "arbBalanceDelta0": "9.9873",
  "arbBalanceDelta1": "-0.89764",
  "backrun": Object {
    "delta0": "-9.9873",
    "delta1": "0.89764",
    "executionPrice": "0.089877",
  },
  "finalPrice": "0.97706",
  "profit": Object {
    "final": "8.8899",
  },
}
`;

exports[`AlgebraPool arbitrage tests community fee = 170; passive liquidity of 1.0000 exact input of 10e18 token0 with starting price of 1.0 and true price of 0.98 not sandwiched 1`] = `
Object {
  "amount0Delta": "10.000",
  "amount1Delta": "-0.90908",
  "executionPrice": "0.090908",
  "priceAfter": "0.0082660",
}
`;

exports[`AlgebraPool arbitrage tests community fee = 170; passive liquidity of 1.0000 exact input of 10e18 token0 with starting price of 1.0 and true price of 1.01 backrun to true price after swap only 1`] = `
Object {
  "arbBalanceDelta0": "10.002",
  "arbBalanceDelta1": "-0.91265",
  "backrun": Object {
    "delta0": "-10.002",
    "delta1": "0.91265",
    "executionPrice": "0.091243",
  },
  "finalPrice": "1.0070",
  "profit": Object {
    "final": "9.1898",
  },
}
`;

exports[`AlgebraPool arbitrage tests community fee = 170; passive liquidity of 1.0000 exact input of 10e18 token0 with starting price of 1.0 and true price of 1.01 not sandwiched 1`] = `
Object {
  "amount0Delta": "10.000",
  "amount1Delta": "-0.90908",
  "executionPrice": "0.090908",
  "priceAfter": "0.0082660",
}
`;

exports[`AlgebraPool arbitrage tests community fee = 170; passive liquidity of 10.000 exact input of 10e18 token0 with starting price of 1.0 and true price of 0.98 backrun to true price after swap only 1`] = `
Object {
  "arbBalanceDelta0": "9.8823",
  "arbBalanceDelta1": "-4.8849",
  "backrun": Object {
    "delta0": "-9.8823",
    "delta1": "4.8849",
    "executionPrice": "0.49431",
  },
  "finalPrice": "0.97706",
  "profit": Object {
    "final": "4.7998",
  },
}
`;

exports[`AlgebraPool arbitrage tests community fee = 170; passive liquidity of 10.000 exact input of 10e18 token0 with starting price of 1.0 and true price of 0.98 not sandwiched 1`] = `
Object {
  "amount0Delta": "10.000",
  "amount1Delta": "-4.9997",
  "executionPrice": "0.49997",
  "priceAfter": "0.25003",
}
`;

exports[`AlgebraPool arbitrage tests community fee = 170; passive liquidity of 10.000 exact input of 10e18 token0 with starting price of 1.0 and true price of 1.01 backrun to true price after swap only 1`] = `
Object {
  "arbBalanceDelta0": "10.034",
  "arbBalanceDelta1": "-5.0350",
  "backrun": Object {
    "delta0": "-10.034",
    "delta1": "5.0350",
    "executionPrice": "0.50181",
  },
  "finalPrice": "1.0070",
  "profit": Object {
    "final": "5.0990",
  },
}
`;

exports[`AlgebraPool arbitrage tests community fee = 170; passive liquidity of 10.000 exact input of 10e18 token0 with starting price of 1.0 and true price of 1.01 not sandwiched 1`] = `
Object {
  "amount0Delta": "10.000",
  "amount1Delta": "-4.9997",
  "executionPrice": "0.49997",
  "priceAfter": "0.25003",
}
`;

exports[`AlgebraPool arbitrage tests community fee = 170; passive liquidity of 100.00 exact input of 10e18 token0 with starting price of 1.0 and true price of 0.98 backrun to true price after swap only 1`] = `
Object {
  "arbBalanceDelta0": "8.8319",
  "arbBalanceDelta1": "-7.9372",
  "backrun": Object {
    "delta0": "-8.8319",
    "delta1": "7.9372",
    "executionPrice": "0.89870",
  },
  "finalPrice": "0.97706",
  "profit": Object {
    "final": "0.71802",
  },
}
`;

exports[`AlgebraPool arbitrage tests community fee = 170; passive liquidity of 100.00 exact input of 10e18 token0 with starting price of 1.0 and true price of 0.98 not sandwiched 1`] = `
Object {
  "amount0Delta": "10.000",
  "amount1Delta": "-9.0901",
  "executionPrice": "0.90901",
  "priceAfter": "0.82646",
}
`;

exports[`AlgebraPool arbitrage tests community fee = 170; passive liquidity of 100.00 exact input of 10e18 token0 with starting price of 1.0 and true price of 1.01 backrun to true price after swap only 1`] = `
Object {
  "arbBalanceDelta0": "10.346",
  "arbBalanceDelta1": "-9.4389",
  "backrun": Object {
    "delta0": "-10.346",
    "delta1": "9.4389",
    "executionPrice": "0.91235",
  },
  "finalPrice": "1.0070",
  "profit": Object {
    "final": "1.0102",
  },
}
`;

exports[`AlgebraPool arbitrage tests community fee = 170; passive liquidity of 100.00 exact input of 10e18 token0 with starting price of 1.0 and true price of 1.01 not sandwiched 1`] = `
Object {
  "amount0Delta": "10.000",
  "amount1Delta": "-9.0901",
  "executionPrice": "0.90901",
  "priceAfter": "0.82646",
}
`;
