// Jest Snapshot v1, https://goo.gl/fbAQLP

exports[`AlgebraPool gas tests [ @skip-on-coverage ] #setFee by owner 1`] = `35365`;

exports[`AlgebraPool gas tests [ @skip-on-coverage ] #setFee by plugin 1`] = `29916`;

exports[`AlgebraPool gas tests [ @skip-on-coverage ] fee is off #burn above current price burn entire position after some time passes 1`] = `115333`;

exports[`AlgebraPool gas tests [ @skip-on-coverage ] fee is off #burn above current price burn when only position using ticks 1`] = `115333`;

exports[`AlgebraPool gas tests [ @skip-on-coverage ] fee is off #burn above current price entire position burn but other positions are using the ticks 1`] = `108692`;

exports[`AlgebraPool gas tests [ @skip-on-coverage ] fee is off #burn above current price partial position burn 1`] = `113492`;

exports[`AlgebraPool gas tests [ @skip-on-coverage ] fee is off #burn around current price burn entire position after some time passes 1`] = `125212`;

exports[`AlgebraPool gas tests [ @skip-on-coverage ] fee is off #burn around current price burn when only position using ticks 1`] = `125212`;

exports[`AlgebraPool gas tests [ @skip-on-coverage ] fee is off #burn around current price entire position burn but other positions are using the ticks 1`] = `113100`;

exports[`AlgebraPool gas tests [ @skip-on-coverage ] fee is off #burn around current price partial position burn 1`] = `117900`;

exports[`AlgebraPool gas tests [ @skip-on-coverage ] fee is off #burn below current price burn entire position after some time passes 1`] = `124770`;

exports[`AlgebraPool gas tests [ @skip-on-coverage ] fee is off #burn below current price burn when only position using ticks 1`] = `124770`;

exports[`AlgebraPool gas tests [ @skip-on-coverage ] fee is off #burn below current price entire position burn but other positions are using the ticks 1`] = `109354`;

exports[`AlgebraPool gas tests [ @skip-on-coverage ] fee is off #burn below current price partial position burn 1`] = `114154`;

exports[`AlgebraPool gas tests [ @skip-on-coverage ] fee is off #collect close to worst case 1`] = `52547`;

exports[`AlgebraPool gas tests [ @skip-on-coverage ] fee is off #collect close to worst case, two tokens 1`] = `70314`;

exports[`AlgebraPool gas tests [ @skip-on-coverage ] fee is off #mint above current price add to position after some time passes 1`] = `126328`;

exports[`AlgebraPool gas tests [ @skip-on-coverage ] fee is off #mint above current price add to position existing 1`] = `126328`;

exports[`AlgebraPool gas tests [ @skip-on-coverage ] fee is off #mint above current price new position mint first in range 1`] = `280203`;

exports[`AlgebraPool gas tests [ @skip-on-coverage ] fee is off #mint above current price second position in same range 1`] = `143428`;

exports[`AlgebraPool gas tests [ @skip-on-coverage ] fee is off #mint around current price add to position after some time passes 1`] = `151481`;

exports[`AlgebraPool gas tests [ @skip-on-coverage ] fee is off #mint around current price add to position existing 1`] = `151481`;

exports[`AlgebraPool gas tests [ @skip-on-coverage ] fee is off #mint around current price new position mint first in range 1`] = `358389`;

exports[`AlgebraPool gas tests [ @skip-on-coverage ] fee is off #mint around current price second position in same range 1`] = `168581`;

exports[`AlgebraPool gas tests [ @skip-on-coverage ] fee is off #mint below current price add to position after some time passes 1`] = `126897`;

exports[`AlgebraPool gas tests [ @skip-on-coverage ] fee is off #mint below current price add to position existing 1`] = `126897`;

exports[`AlgebraPool gas tests [ @skip-on-coverage ] fee is off #mint below current price new position mint first in range 1`] = `354537`;

exports[`AlgebraPool gas tests [ @skip-on-coverage ] fee is off #mint below current price second position in same range 1`] = `143997`;

exports[`AlgebraPool gas tests [ @skip-on-coverage ] fee is off #poke best case 1`] = `61546`;

exports[`AlgebraPool gas tests [ @skip-on-coverage ] fee is off #swapExact0For1 first swap in block moves tick, no initialized crossings 1`] = `102778`;

exports[`AlgebraPool gas tests [ @skip-on-coverage ] fee is off #swapExact0For1 first swap in block with no tick movement 1`] = `102747`;

exports[`AlgebraPool gas tests [ @skip-on-coverage ] fee is off #swapExact0For1 first swap in block, large swap crossing a single initialized tick 1`] = `118471`;

exports[`AlgebraPool gas tests [ @skip-on-coverage ] fee is off #swapExact0For1 first swap in block, large swap crossing several initialized ticks 1`] = `151829`;

exports[`AlgebraPool gas tests [ @skip-on-coverage ] fee is off #swapExact0For1 first swap in block, large swap, no initialized crossings 1`] = `102916`;

exports[`AlgebraPool gas tests [ @skip-on-coverage ] fee is off #swapExact0For1 large swap crossing several initialized ticks after some time passes 1`] = `151829`;

exports[`AlgebraPool gas tests [ @skip-on-coverage ] fee is off #swapExact0For1 large swap crossing several initialized ticks second time after some time passes 1`] = `171029`;

exports[`AlgebraPool gas tests [ @skip-on-coverage ] fee is off #swapExact0For1 second swap in block moves tick, no initialized crossings 1`] = `102778`;

exports[`AlgebraPool gas tests [ @skip-on-coverage ] fee is off #swapExact0For1 second swap in block with no tick movement 1`] = `102742`;

exports[`AlgebraPool gas tests [ @skip-on-coverage ] fee is off #swapExact0For1 second swap in block, large swap crossing a single initialized tick 1`] = `119295`;

exports[`AlgebraPool gas tests [ @skip-on-coverage ] fee is off #swapExact0For1 second swap in block, large swap crossing several initialized ticks 1`] = `152680`;

exports[`AlgebraPool gas tests [ @skip-on-coverage ] fee is off #swapExact0For1 several large swaps with pauses 1`] = `171029`;

exports[`AlgebraPool gas tests [ @skip-on-coverage ] fee is off #swapExact0For1 small swap after several large swaps with pauses 1`] = `102616`;

exports[`AlgebraPool gas tests [ @skip-on-coverage ] fee is off #swapExact0For1 small swap with filled dataStorage 1`] = `102612`;

exports[`AlgebraPool gas tests [ @skip-on-coverage ] fee is off #swapExact1For0 first swap in block moves tick, no initialized crossings 1`] = `102839`;

exports[`AlgebraPool gas tests [ @skip-on-coverage ] fee is off #swapExact1For0 first swap in block with no tick movement 1`] = `102787`;

exports[`AlgebraPool gas tests [ @skip-on-coverage ] fee is off #swapExact1For0 second swap in block with no tick movement 1`] = `102803`;

exports[`AlgebraPool gas tests [ @skip-on-coverage ] fee is on #burn above current price burn entire position after some time passes 1`] = `115333`;

exports[`AlgebraPool gas tests [ @skip-on-coverage ] fee is on #burn above current price burn when only position using ticks 1`] = `115333`;

exports[`AlgebraPool gas tests [ @skip-on-coverage ] fee is on #burn above current price entire position burn but other positions are using the ticks 1`] = `108692`;

exports[`AlgebraPool gas tests [ @skip-on-coverage ] fee is on #burn above current price partial position burn 1`] = `113492`;

exports[`AlgebraPool gas tests [ @skip-on-coverage ] fee is on #burn around current price burn entire position after some time passes 1`] = `125212`;

exports[`AlgebraPool gas tests [ @skip-on-coverage ] fee is on #burn around current price burn when only position using ticks 1`] = `125212`;

exports[`AlgebraPool gas tests [ @skip-on-coverage ] fee is on #burn around current price entire position burn but other positions are using the ticks 1`] = `113100`;

exports[`AlgebraPool gas tests [ @skip-on-coverage ] fee is on #burn around current price partial position burn 1`] = `117900`;

exports[`AlgebraPool gas tests [ @skip-on-coverage ] fee is on #burn below current price burn entire position after some time passes 1`] = `124770`;

exports[`AlgebraPool gas tests [ @skip-on-coverage ] fee is on #burn below current price burn when only position using ticks 1`] = `124770`;

exports[`AlgebraPool gas tests [ @skip-on-coverage ] fee is on #burn below current price entire position burn but other positions are using the ticks 1`] = `109354`;

exports[`AlgebraPool gas tests [ @skip-on-coverage ] fee is on #burn below current price partial position burn 1`] = `114154`;

exports[`AlgebraPool gas tests [ @skip-on-coverage ] fee is on #collect close to worst case 1`] = `52547`;

exports[`AlgebraPool gas tests [ @skip-on-coverage ] fee is on #collect close to worst case, two tokens 1`] = `70314`;

exports[`AlgebraPool gas tests [ @skip-on-coverage ] fee is on #mint above current price add to position after some time passes 1`] = `126328`;

exports[`AlgebraPool gas tests [ @skip-on-coverage ] fee is on #mint above current price add to position existing 1`] = `126328`;

exports[`AlgebraPool gas tests [ @skip-on-coverage ] fee is on #mint above current price new position mint first in range 1`] = `280203`;

exports[`AlgebraPool gas tests [ @skip-on-coverage ] fee is on #mint above current price second position in same range 1`] = `143428`;

exports[`AlgebraPool gas tests [ @skip-on-coverage ] fee is on #mint around current price add to position after some time passes 1`] = `151481`;

exports[`AlgebraPool gas tests [ @skip-on-coverage ] fee is on #mint around current price add to position existing 1`] = `151481`;

exports[`AlgebraPool gas tests [ @skip-on-coverage ] fee is on #mint around current price new position mint first in range 1`] = `358389`;

exports[`AlgebraPool gas tests [ @skip-on-coverage ] fee is on #mint around current price second position in same range 1`] = `168581`;

exports[`AlgebraPool gas tests [ @skip-on-coverage ] fee is on #mint below current price add to position after some time passes 1`] = `126897`;

exports[`AlgebraPool gas tests [ @skip-on-coverage ] fee is on #mint below current price add to position existing 1`] = `126897`;

exports[`AlgebraPool gas tests [ @skip-on-coverage ] fee is on #mint below current price new position mint first in range 1`] = `354537`;

exports[`AlgebraPool gas tests [ @skip-on-coverage ] fee is on #mint below current price second position in same range 1`] = `143997`;

exports[`AlgebraPool gas tests [ @skip-on-coverage ] fee is on #poke best case 1`] = `61546`;

exports[`AlgebraPool gas tests [ @skip-on-coverage ] fee is on #swapExact0For1 first swap in block moves tick, no initialized crossings 1`] = `110601`;

exports[`AlgebraPool gas tests [ @skip-on-coverage ] fee is on #swapExact0For1 first swap in block with no tick movement 1`] = `102984`;

exports[`AlgebraPool gas tests [ @skip-on-coverage ] fee is on #swapExact0For1 first swap in block, large swap crossing a single initialized tick 1`] = `126531`;

exports[`AlgebraPool gas tests [ @skip-on-coverage ] fee is on #swapExact0For1 first swap in block, large swap crossing several initialized ticks 1`] = `160600`;

exports[`AlgebraPool gas tests [ @skip-on-coverage ] fee is on #swapExact0For1 first swap in block, large swap, no initialized crossings 1`] = `110739`;

exports[`AlgebraPool gas tests [ @skip-on-coverage ] fee is on #swapExact0For1 large swap crossing several initialized ticks after some time passes 1`] = `160600`;

exports[`AlgebraPool gas tests [ @skip-on-coverage ] fee is on #swapExact0For1 large swap crossing several initialized ticks second time after some time passes 1`] = `179800`;

exports[`AlgebraPool gas tests [ @skip-on-coverage ] fee is on #swapExact0For1 second swap in block moves tick, no initialized crossings 1`] = `110601`;

exports[`AlgebraPool gas tests [ @skip-on-coverage ] fee is on #swapExact0For1 second swap in block with no tick movement 1`] = `102979`;

exports[`AlgebraPool gas tests [ @skip-on-coverage ] fee is on #swapExact0For1 second swap in block, large swap crossing a single initialized tick 1`] = `127355`;

exports[`AlgebraPool gas tests [ @skip-on-coverage ] fee is on #swapExact0For1 second swap in block, large swap crossing several initialized ticks 1`] = `161451`;

exports[`AlgebraPool gas tests [ @skip-on-coverage ] fee is on #swapExact0For1 several large swaps with pauses 1`] = `179800`;

exports[`AlgebraPool gas tests [ @skip-on-coverage ] fee is on #swapExact0For1 small swap after several large swaps with pauses 1`] = `102853`;

exports[`AlgebraPool gas tests [ @skip-on-coverage ] fee is on #swapExact0For1 small swap with filled dataStorage 1`] = `102849`;

exports[`AlgebraPool gas tests [ @skip-on-coverage ] fee is on #swapExact1For0 first swap in block moves tick, no initialized crossings 1`] = `110662`;

exports[`AlgebraPool gas tests [ @skip-on-coverage ] fee is on #swapExact1For0 first swap in block with no tick movement 1`] = `103024`;

exports[`AlgebraPool gas tests [ @skip-on-coverage ] fee is on #swapExact1For0 second swap in block with no tick movement 1`] = `103040`;
