// Jest Snapshot v1, https://goo.gl/fbAQLP

exports[`NonfungiblePositionManager #burn gas [ @skip-on-coverage ] 1`] = `61849`;

exports[`NonfungiblePositionManager #collect gas transfers both [ @skip-on-coverage ] 1`] = `120561`;

exports[`NonfungiblePositionManager #collect gas transfers token0 only [ @skip-on-coverage ] 1`] = `116899`;

exports[`NonfungiblePositionManager #collect gas transfers token1 only [ @skip-on-coverage ] 1`] = `117090`;

exports[`NonfungiblePositionManager #createAndInitializePoolIfNecessary gas [ @skip-on-coverage ] 1`] = `4312670`;

exports[`NonfungiblePositionManager #decreaseLiquidity gas complete decrease [ @skip-on-coverage ] 1`] = `167760`;

exports[`NonfungiblePositionManager #decreaseLiquidity gas partial decrease [ @skip-on-coverage ] 1`] = `171820`;

exports[`NonfungiblePositionManager #increaseLiquidity gas [ @skip-on-coverage ] 1`] = `177593`;

exports[`NonfungiblePositionManager #mint gas first mint for pool [ @skip-on-coverage ] 1`] = `628171`;

exports[`NonfungiblePositionManager #mint gas first mint for pool using eth with non-zero refund [ @skip-on-coverage ] 1`] = `641684`;

exports[`NonfungiblePositionManager #mint gas first mint for pool using eth with zero refund [ @skip-on-coverage ] 1`] = `634517`;

exports[`NonfungiblePositionManager #mint gas mint for same pool, different ticks [ @skip-on-coverage ] 1`] = `436184`;

exports[`NonfungiblePositionManager #mint gas mint on same ticks [ @skip-on-coverage ] 1`] = `325979`;

exports[`NonfungiblePositionManager #permit owned by eoa gas [ @skip-on-coverage ] 1`] = `59310`;

exports[`NonfungiblePositionManager #permit owned by verifying contract gas [ @skip-on-coverage ] 1`] = `63128`;

exports[`NonfungiblePositionManager #transferFrom gas [ @skip-on-coverage ] 1`] = `86049`;

exports[`NonfungiblePositionManager #transferFrom gas comes from approved [ @skip-on-coverage ] 1`] = `86832`;

exports[`NonfungiblePositionManager bytecode size [ @skip-on-coverage ] 1`] = `24289`;

exports[`NonfungiblePositionManager multicall exit gas [ @skip-on-coverage ] 1`] = `241547`;
