// Jest Snapshot v1, https://goo.gl/fbAQLP

exports[`DataStorageLibrary #consult gas test [ @skip-on-coverage ] 1`] = `22008`;

exports[`DataStorageLibrary #getQuoteAtTick gas test [ @skip-on-coverage ] 1`] = `1137`;
