// Jest Snapshot v1, https://goo.gl/fbAQLP

exports[`PoolAddress #computeAddress gas cost [ @skip-on-coverage ] 1`] = `625`;

exports[`PoolAddress #computeAddress matches example from core repo 1`] = `"0x1474F718C160895683634d7BDA12a8d1f7285775"`;
