// Jest Snapshot v1, https://goo.gl/fbAQLP

exports[`PositionValue #fees when price is above the position range gas 1`] = `48372`;

exports[`PositionValue #fees when price is below the position range gas 1`] = `48438`;

exports[`PositionValue #fees when price is within the position range gas 1`] = `53874`;

exports[`PositionValue #principal gas 1`] = `23130`;

exports[`PositionValue #total gas 1`] = `56965`;
