// Jest Snapshot v1, https://goo.gl/fbAQLP

exports[`QuoterV2 quotes #quoteExactInputSingle gas [ @skip-on-coverage ] 0 -> 2 1`] = `156140`;

exports[`QuoterV2 quotes #quoteExactInputSingle gas [ @skip-on-coverage ] 2 -> 0 1`] = `156046`;

exports[`QuoterV2 quotes #quoteExactOutput gas [ @skip-on-coverage ] 0 -> 2 -> 1 1`] = `247002`;

exports[`QuoterV2 quotes #quoteExactOutput gas [ @skip-on-coverage ] 0 -> 2 cross 0 tick starting tick initialized 1`] = `105608`;

exports[`QuoterV2 quotes #quoteExactOutput gas [ @skip-on-coverage ] 0 -> 2 cross 0 tick starting tick not initialized 1`] = `90214`;

exports[`QuoterV2 quotes #quoteExactOutput gas [ @skip-on-coverage ] 0 -> 2 cross 1 tick 1`] = `125704`;

exports[`QuoterV2 quotes #quoteExactOutput gas [ @skip-on-coverage ] 0 -> 2 cross 2 tick 1`] = `155990`;

exports[`QuoterV2 quotes #quoteExactOutput gas [ @skip-on-coverage ] 0 -> 2 cross 2 where tick after is initialized 1`] = `125713`;

exports[`QuoterV2 quotes #quoteExactOutput gas [ @skip-on-coverage ] 2 -> 0 cross 1 tick 1`] = `126068`;

exports[`QuoterV2 quotes #quoteExactOutput gas [ @skip-on-coverage ] 2 -> 0 cross 2 ticks 1`] = `156625`;

exports[`QuoterV2 quotes #quoteExactOutput gas [ @skip-on-coverage ] 2 -> 0 cross 2 where tick after is initialized 1`] = `156629`;

exports[`QuoterV2 quotes #quoteExactOutput gas [ @skip-on-coverage ] 2 -> 1 1`] = `91032`;

exports[`QuoterV2 quotes #quoteExactOutputSingle gas [ @skip-on-coverage ] 0 -> 1 1`] = `91195`;

exports[`QuoterV2 quotes #quoteExactOutputSingle gas [ @skip-on-coverage ] 1 -> 0 1`] = `91212`;
