// Jest Snapshot v1, https://goo.gl/fbAQLP

exports[`SwapRouterL2 bytecode size [ @skip-on-coverage ] 1`] = `11875`;
