// Jest Snapshot v1, https://goo.gl/fbAQLP

exports[`SwapRouterCompressedV1 bytecode size [ @skip-on-coverage ] 1`] = `9796`;
