// Jest Snapshot v1, https://goo.gl/fbAQLP

exports[`TickLens #getPopulatedTicksInWord fully populated ticks [ @skip-on-coverage ] 1`] = `94548`;

exports[`TickLens #getPopulatedTicksInWord gas for single populated tick [ @skip-on-coverage ] 1`] = `54095`;
