// Jest Snapshot v1, https://goo.gl/fbAQLP

exports[`unit/EternalFarms #claimReward when requesting the full amount has gas cost [ @skip-on-coverage ] 1`] = `60831`;

exports[`unit/EternalFarms #enterFarming works and has gas cost [ @skip-on-coverage ] 1`] = `434576`;

exports[`unit/EternalFarms #exitFarming after end time works and has gas cost [ @skip-on-coverage ] 1`] = `149245`;
